// Jest Snapshot v1, https://goo.gl/fbAQLP

exports[`renders correct footer component 1`] = `
<footer
  id="siteFooter"
>
  <div
    className="meta"
  >
    <p>
      Copyright Â© 2022 by William Ellison.
    </p>
  </div>
  <div
    className="socialBox"
  >
    <a
      href="//github.com/waellison"
    >
      <i
        className="fa-brands fa-github"
      />
    </a>
  </div>
</footer>
`;
